
> vibe-generated-app@1.0.0 dev
> vite


  VITE v5.4.20  ready in 262 ms

  ➜  Local:   http://localhost:3000/
  ➜  Network: http://172.20.7.136:3000/
1:52:05 AM [vite] Pre-transform error: Transform failed with 1 error:
/home/workspace/src/main.jsx:9:51: ERROR: Unexpected "!"
1:52:05 AM [vite] Internal server error: Transform failed with 1 error:
/home/workspace/src/main.jsx:9:51: ERROR: Unexpected "!"
  Plugin: vite:esbuild
  File: /home/workspace/src/main.jsx:9:51
  
  Unexpected "!"
  7  |  import { InventoryProvider } from './context/InventoryContext';
  8  |  
  9  |  ReactDOM.createRoot(document.getElementById('root')!).render(
     |                                                     ^
  10 |    <React.StrictMode>
  11 |      <BrowserRouter>
  
      at failureErrorWithLog (/home/workspace/node_modules/esbuild/lib/main.js:1472:15)
      at /home/workspace/node_modules/esbuild/lib/main.js:755:50
      at responseCallbacks.<computed> (/home/workspace/node_modules/esbuild/lib/main.js:622:9)
      at handleIncomingPacket (/home/workspace/node_modules/esbuild/lib/main.js:677:12)
      at Socket.readFromStdout (/home/workspace/node_modules/esbuild/lib/main.js:600:7)
      at Socket.emit (node:events:508:28)
      at addChunk (node:internal/streams/readable:559:12)
      at readableAddChunkPushByteMode (node:internal/streams/readable:510:3)
      at Readable.push (node:internal/streams/readable:390:5)
      at Pipe.onStreamRead (node:internal/stream_base_commons:189:23)
1:52:06 AM [vite] Pre-transform error: Transform failed with 1 error:
/home/workspace/src/main.jsx:9:51: ERROR: Unexpected "!"
1:52:23 AM [vite] Pre-transform error: Transform failed with 1 error:
/home/workspace/src/main.jsx:9:51: ERROR: Unexpected "!"
1:52:23 AM [vite] Pre-transform error: Transform failed with 1 error:
/home/workspace/src/main.jsx:9:51: ERROR: Unexpected "!"
1:52:23 AM [vite] Internal server error: Transform failed with 1 error:
/home/workspace/src/main.jsx:9:51: ERROR: Unexpected "!"
  Plugin: vite:esbuild
  File: /home/workspace/src/main.jsx:9:51
  
  Unexpected "!"
  7  |  import { InventoryProvider } from './context/InventoryContext';
  8  |  
  9  |  ReactDOM.createRoot(document.getElementById('root')!).render(
     |                                                     ^
  10 |    <React.StrictMode>
  11 |      <BrowserRouter>
  
      at failureErrorWithLog (/home/workspace/node_modules/esbuild/lib/main.js:1472:15)
      at /home/workspace/node_modules/esbuild/lib/main.js:755:50
      at responseCallbacks.<computed> (/home/workspace/node_modules/esbuild/lib/main.js:622:9)
      at handleIncomingPacket (/home/workspace/node_modules/esbuild/lib/main.js:677:12)
      at Socket.readFromStdout (/home/workspace/node_modules/esbuild/lib/main.js:600:7)
      at Socket.emit (node:events:508:28)
      at addChunk (node:internal/streams/readable:559:12)
      at readableAddChunkPushByteMode (node:internal/streams/readable:510:3)
      at Readable.push (node:internal/streams/readable:390:5)
      at Pipe.onStreamRead (node:internal/stream_base_commons:189:23)
1:53:04 AM [vite] Pre-transform error: Transform failed with 1 error:
/home/workspace/src/main.jsx:9:51: ERROR: Unexpected "!"
1:53:05 AM [vite] Internal server error: Transform failed with 1 error:
/home/workspace/src/main.jsx:9:51: ERROR: Unexpected "!"
  Plugin: vite:esbuild
  File: /home/workspace/src/main.jsx:9:51
  
  Unexpected "!"
  7  |  import { InventoryProvider } from './context/InventoryContext';
  8  |  
  9  |  ReactDOM.createRoot(document.getElementById('root')!).render(
     |                                                     ^
  10 |    <React.StrictMode>
  11 |      <BrowserRouter>
  
      at failureErrorWithLog (/home/workspace/node_modules/esbuild/lib/main.js:1472:15)
      at /home/workspace/node_modules/esbuild/lib/main.js:755:50
      at responseCallbacks.<computed> (/home/workspace/node_modules/esbuild/lib/main.js:622:9)
      at handleIncomingPacket (/home/workspace/node_modules/esbuild/lib/main.js:677:12)
      at Socket.readFromStdout (/home/workspace/node_modules/esbuild/lib/main.js:600:7)
      at Socket.emit (node:events:508:28)
      at addChunk (node:internal/streams/readable:559:12)
      at readableAddChunkPushByteMode (node:internal/streams/readable:510:3)
      at Readable.push (node:internal/streams/readable:390:5)
      at Pipe.onStreamRead (node:internal/stream_base_commons:189:23)
